// Jest Snapshot v1, https://goo.gl/fbAQLP

exports[`Wizard renders properly 1`] = `
"<section class=\\"pf-c-page__main-wizard\\"><div class=\\"pf-c-wizard pf-m-in-page fill-wizard\\"><button aria-label=\\"Wizard Header Toggle\\" aria-expanded=\\"false\\" class=\\"pf-c-wizard__toggle\\"><ol class=\\"pf-c-wizard__toggle-list\\"><li class=\\"pf-c-wizard__toggle-list-item\\"><span class=\\"pf-c-wizard__toggle-num\\">2</span>Point of Contact
          </li></ol> <i aria-hidden=\\"true\\" class=\\"fas fa-caret-down pf-c-wizard__toggle-icon\\"></i></button> <div class=\\"pf-c-wizard__outer-wrap\\"><div class=\\"pf-c-wizard__inner-wrap\\"><nav aria-label=\\"Steps\\" class=\\"pf-c-wizard__nav\\"><ol class=\\"pf-c-wizard__nav-list\\"><li class=\\"pf-c-wizard__nav-item\\"><a class=\\"pf-c-wizard__nav-link\\">
              First Form
            </a></li><li class=\\"pf-c-wizard__nav-item\\"><a class=\\"pf-c-wizard__nav-link\\">
              Second Form
            </a></li></ol></nav> <div class=\\"pf-c-wizard__main\\"><div class=\\"pf-c-wizard__main-body\\"></div></div></div> <footer class=\\"pf-c-wizard__footer\\"><button type=\\"submit\\" class=\\"pf-c-button pf-m-primary\\">
          Next
        </button> <button type=\\"button\\" class=\\"pf-c-button pf-m-secondary\\">
          Back
        </button> <button type=\\"button\\" class=\\"pf-c-button pf-m-link\\">Cancel</button></footer></div></div></section>"
`;
